[ 2026-06-02 18:25:19,377 ] 1025 httpx - INFO - HTTP Request: GET https://dagshub.com/api/v1/user "HTTP/1.1 200 OK"
[ 2026-06-02 18:25:19,392 ] 107 dagshub - INFO - Accessing as johankar555
[ 2026-06-02 18:25:20,283 ] 1025 httpx - INFO - HTTP Request: GET https://dagshub.com/api/v1/repos/johankar555/network_intrusion_detection_system "HTTP/1.1 200 OK"
[ 2026-06-02 18:25:21,072 ] 1025 httpx - INFO - HTTP Request: GET https://dagshub.com/api/v1/user "HTTP/1.1 200 OK"
[ 2026-06-02 18:25:21,076 ] 107 dagshub - INFO - Initialized MLflow to track repo "johankar555/network_intrusion_detection_system"
[ 2026-06-02 18:25:21,076 ] 107 dagshub - INFO - Repository johankar555/network_intrusion_detection_system initialized!
[ 2026-06-02 18:25:50,623 ] 42 root - INFO - Start data Ingestion
[ 2026-06-02 18:25:52,446 ] 65 root - INFO - Performed train test split on the dataframe
[ 2026-06-02 18:25:52,446 ] 67 root - INFO - Exited split_data_as_train_test method of Data_Ingestion class
[ 2026-06-02 18:25:52,446 ] 75 root - INFO - Exporting train and test file path.
[ 2026-06-02 18:25:52,518 ] 84 root - INFO - Exported train and test file path.
[ 2026-06-02 18:25:52,518 ] 45 root - INFO - Data Ingestion completed and artifact: DataIngestionArtifact(trained_file_path='Artifacts/06_02_2026_18_25_16/data_ingestion/ingested/train.csv', test_file_path='Artifacts/06_02_2026_18_25_16/data_ingestion/ingested/test.csv')
[ 2026-06-02 18:25:52,521 ] 55 root - INFO - Initiate the data Validation
[ 2026-06-02 18:25:52,541 ] 32 root - INFO - Required number of columns:2
[ 2026-06-02 18:25:52,541 ] 33 root - INFO - Data frame has columns:31
[ 2026-06-02 18:25:52,541 ] 32 root - INFO - Required number of columns:2
[ 2026-06-02 18:25:52,541 ] 33 root - INFO - Data frame has columns:31
[ 2026-06-02 18:25:52,680 ] 63 root - INFO - Entered initiate_data_transformation method of DataTransformation class
[ 2026-06-02 18:25:52,680 ] 65 root - INFO - Starting data transformation
[ 2026-06-02 18:25:52,698 ] 48 root - INFO - Entered get_data_trnasformer_object method of Trnasformation class
[ 2026-06-02 18:25:52,698 ] 53 root - INFO - Initialise KNNImputer with {'missing_values': nan, 'n_neighbors': 3, 'weights': 'uniform'}
[ 2026-06-02 18:25:52,708 ] 46 root - INFO - Entered the save_object method of MainUtils class
[ 2026-06-02 18:25:52,711 ] 50 root - INFO - Exited the save_object method of MainUtils class
[ 2026-06-02 18:25:52,711 ] 46 root - INFO - Entered the save_object method of MainUtils class
[ 2026-06-02 18:25:52,716 ] 50 root - INFO - Exited the save_object method of MainUtils class
