[ 2026-06-02 22:00:39,054 ] 1025 httpx - INFO - HTTP Request: GET https://dagshub.com/api/v1/user "HTTP/1.1 200 OK"
[ 2026-06-02 22:00:39,070 ] 107 dagshub - INFO - Accessing as johankar555
[ 2026-06-02 22:00:39,893 ] 1025 httpx - INFO - HTTP Request: GET https://dagshub.com/api/v1/repos/johankar555/network_intrusion_detection_system "HTTP/1.1 200 OK"
[ 2026-06-02 22:00:40,795 ] 1025 httpx - INFO - HTTP Request: GET https://dagshub.com/api/v1/user "HTTP/1.1 200 OK"
[ 2026-06-02 22:00:40,799 ] 107 dagshub - INFO - Initialized MLflow to track repo "johankar555/network_intrusion_detection_system"
[ 2026-06-02 22:00:40,800 ] 107 dagshub - INFO - Repository johankar555/network_intrusion_detection_system initialized!
[ 2026-06-02 22:01:01,927 ] 42 root - INFO - Start data Ingestion
[ 2026-06-02 22:01:03,938 ] 65 root - INFO - Performed train test split on the dataframe
[ 2026-06-02 22:01:03,938 ] 67 root - INFO - Exited split_data_as_train_test method of Data_Ingestion class
[ 2026-06-02 22:01:03,938 ] 75 root - INFO - Exporting train and test file path.
[ 2026-06-02 22:01:04,008 ] 84 root - INFO - Exported train and test file path.
[ 2026-06-02 22:01:04,009 ] 45 root - INFO - Data Ingestion completed and artifact: DataIngestionArtifact(trained_file_path='Artifacts/06_02_2026_22_00_36/data_ingestion/ingested/train.csv', test_file_path='Artifacts/06_02_2026_22_00_36/data_ingestion/ingested/test.csv')
[ 2026-06-02 22:01:04,012 ] 55 root - INFO - Initiate the data Validation
[ 2026-06-02 22:01:04,031 ] 32 root - INFO - Required number of columns:2
[ 2026-06-02 22:01:04,031 ] 33 root - INFO - Data frame has columns:31
[ 2026-06-02 22:01:04,031 ] 32 root - INFO - Required number of columns:2
[ 2026-06-02 22:01:04,031 ] 33 root - INFO - Data frame has columns:31
[ 2026-06-02 22:01:04,178 ] 63 root - INFO - Entered initiate_data_transformation method of DataTransformation class
[ 2026-06-02 22:01:04,179 ] 65 root - INFO - Starting data transformation
[ 2026-06-02 22:01:04,199 ] 48 root - INFO - Entered get_data_trnasformer_object method of Trnasformation class
[ 2026-06-02 22:01:04,199 ] 53 root - INFO - Initialise KNNImputer with {'missing_values': nan, 'n_neighbors': 3, 'weights': 'uniform'}
[ 2026-06-02 22:01:04,207 ] 46 root - INFO - Entered the save_object method of MainUtils class
[ 2026-06-02 22:01:04,210 ] 50 root - INFO - Exited the save_object method of MainUtils class
[ 2026-06-02 22:01:04,210 ] 46 root - INFO - Entered the save_object method of MainUtils class
[ 2026-06-02 22:01:04,213 ] 50 root - INFO - Exited the save_object method of MainUtils class
