[ 2026-06-04 19:07:25,723 ] 1025 httpx - INFO - HTTP Request: GET https://dagshub.com/api/v1/user "HTTP/1.1 200 OK"
[ 2026-06-04 19:07:25,738 ] 107 dagshub - INFO - Accessing as johankar555
[ 2026-06-04 19:07:26,746 ] 1025 httpx - INFO - HTTP Request: GET https://dagshub.com/api/v1/repos/johankar555/network_intrusion_detection_system "HTTP/1.1 200 OK"
[ 2026-06-04 19:07:27,667 ] 1025 httpx - INFO - HTTP Request: GET https://dagshub.com/api/v1/user "HTTP/1.1 200 OK"
[ 2026-06-04 19:07:27,672 ] 107 dagshub - INFO - Initialized MLflow to track repo "johankar555/network_intrusion_detection_system"
[ 2026-06-04 19:07:27,672 ] 107 dagshub - INFO - Repository johankar555/network_intrusion_detection_system initialized!
[ 2026-06-04 19:07:53,078 ] 42 root - INFO - Start data Ingestion
[ 2026-06-04 19:07:55,204 ] 65 root - INFO - Performed train test split on the dataframe
[ 2026-06-04 19:07:55,205 ] 67 root - INFO - Exited split_data_as_train_test method of Data_Ingestion class
[ 2026-06-04 19:07:55,206 ] 75 root - INFO - Exporting train and test file path.
[ 2026-06-04 19:07:55,321 ] 84 root - INFO - Exported train and test file path.
[ 2026-06-04 19:07:55,321 ] 45 root - INFO - Data Ingestion completed and artifact: DataIngestionArtifact(trained_file_path='Artifacts/06_04_2026_19_07_10/data_ingestion/ingested/train.csv', test_file_path='Artifacts/06_04_2026_19_07_10/data_ingestion/ingested/test.csv')
[ 2026-06-04 19:07:55,324 ] 55 root - INFO - Initiate the data Validation
[ 2026-06-04 19:07:55,344 ] 32 root - INFO - Required number of columns:2
[ 2026-06-04 19:07:55,344 ] 33 root - INFO - Data frame has columns:31
[ 2026-06-04 19:07:55,344 ] 32 root - INFO - Required number of columns:2
[ 2026-06-04 19:07:55,344 ] 33 root - INFO - Data frame has columns:31
[ 2026-06-04 19:07:55,489 ] 63 root - INFO - Entered initiate_data_transformation method of DataTransformation class
[ 2026-06-04 19:07:55,489 ] 65 root - INFO - Starting data transformation
[ 2026-06-04 19:07:55,508 ] 48 root - INFO - Entered get_data_trnasformer_object method of Trnasformation class
[ 2026-06-04 19:07:55,508 ] 53 root - INFO - Initialise KNNImputer with {'missing_values': nan, 'n_neighbors': 3, 'weights': 'uniform'}
[ 2026-06-04 19:07:55,612 ] 46 root - INFO - Entered the save_object method of MainUtils class
[ 2026-06-04 19:07:55,614 ] 50 root - INFO - Exited the save_object method of MainUtils class
[ 2026-06-04 19:07:55,614 ] 46 root - INFO - Entered the save_object method of MainUtils class
[ 2026-06-04 19:07:55,620 ] 50 root - INFO - Exited the save_object method of MainUtils class
[ 2026-06-04 19:12:36,199 ] 46 root - INFO - Entered the save_object method of MainUtils class
[ 2026-06-04 19:12:36,201 ] 50 root - INFO - Exited the save_object method of MainUtils class
[ 2026-06-04 19:12:36,201 ] 46 root - INFO - Entered the save_object method of MainUtils class
[ 2026-06-04 19:12:36,208 ] 50 root - INFO - Exited the save_object method of MainUtils class
[ 2026-06-04 19:12:36,209 ] 159 root - INFO - Model trainer artifact: ModelTrainerArtifact(trained_model_file_path='Artifacts/06_04_2026_19_07_10/model_trainer/trained_model/model.pkl', train_metric_artifact=ClassificationMetricArtifact(f1_score=0.9909763763560783, precision_score=0.9886708476633623, recall_score=0.9932926829268293), test_metric_artifact=ClassificationMetricArtifact(f1_score=0.9874949576442114, precision_score=0.9855072463768116, recall_score=0.9894907033144705))
