[ 2026-06-02 23:25:25,097 ] 1025 httpx - INFO - HTTP Request: GET https://dagshub.com/api/v1/user "HTTP/1.1 200 OK"
[ 2026-06-02 23:25:25,112 ] 107 dagshub - INFO - Accessing as johankar555
[ 2026-06-02 23:25:26,017 ] 1025 httpx - INFO - HTTP Request: GET https://dagshub.com/api/v1/repos/johankar555/network_intrusion_detection_system "HTTP/1.1 200 OK"
[ 2026-06-02 23:25:26,837 ] 1025 httpx - INFO - HTTP Request: GET https://dagshub.com/api/v1/user "HTTP/1.1 200 OK"
[ 2026-06-02 23:25:26,841 ] 107 dagshub - INFO - Initialized MLflow to track repo "johankar555/network_intrusion_detection_system"
[ 2026-06-02 23:25:26,842 ] 107 dagshub - INFO - Repository johankar555/network_intrusion_detection_system initialized!
[ 2026-06-02 23:25:46,432 ] 42 root - INFO - Start data Ingestion
[ 2026-06-02 23:25:48,390 ] 65 root - INFO - Performed train test split on the dataframe
[ 2026-06-02 23:25:48,390 ] 67 root - INFO - Exited split_data_as_train_test method of Data_Ingestion class
[ 2026-06-02 23:25:48,390 ] 75 root - INFO - Exporting train and test file path.
[ 2026-06-02 23:25:48,544 ] 84 root - INFO - Exported train and test file path.
[ 2026-06-02 23:25:48,544 ] 45 root - INFO - Data Ingestion completed and artifact: DataIngestionArtifact(trained_file_path='Artifacts/06_02_2026_23_25_21/data_ingestion/ingested/train.csv', test_file_path='Artifacts/06_02_2026_23_25_21/data_ingestion/ingested/test.csv')
[ 2026-06-02 23:25:48,548 ] 55 root - INFO - Initiate the data Validation
[ 2026-06-02 23:25:48,568 ] 32 root - INFO - Required number of columns:2
[ 2026-06-02 23:25:48,568 ] 33 root - INFO - Data frame has columns:31
[ 2026-06-02 23:25:48,568 ] 32 root - INFO - Required number of columns:2
[ 2026-06-02 23:25:48,568 ] 33 root - INFO - Data frame has columns:31
[ 2026-06-02 23:25:48,705 ] 63 root - INFO - Entered initiate_data_transformation method of DataTransformation class
[ 2026-06-02 23:25:48,705 ] 65 root - INFO - Starting data transformation
[ 2026-06-02 23:25:48,724 ] 48 root - INFO - Entered get_data_trnasformer_object method of Trnasformation class
[ 2026-06-02 23:25:48,724 ] 53 root - INFO - Initialise KNNImputer with {'missing_values': nan, 'n_neighbors': 3, 'weights': 'uniform'}
[ 2026-06-02 23:25:48,733 ] 46 root - INFO - Entered the save_object method of MainUtils class
[ 2026-06-02 23:25:48,736 ] 50 root - INFO - Exited the save_object method of MainUtils class
[ 2026-06-02 23:25:48,736 ] 46 root - INFO - Entered the save_object method of MainUtils class
[ 2026-06-02 23:25:48,740 ] 50 root - INFO - Exited the save_object method of MainUtils class
