[ 2026-06-02 18:04:32,953 ] 1025 httpx - INFO - HTTP Request: GET https://dagshub.com/api/v1/user "HTTP/1.1 200 OK"
[ 2026-06-02 18:04:32,968 ] 107 dagshub - INFO - Accessing as johankar555
[ 2026-06-02 18:04:33,872 ] 1025 httpx - INFO - HTTP Request: GET https://dagshub.com/api/v1/repos/johankar555/network_intrusion_detection_system "HTTP/1.1 200 OK"
[ 2026-06-02 18:04:34,691 ] 1025 httpx - INFO - HTTP Request: GET https://dagshub.com/api/v1/user "HTTP/1.1 200 OK"
[ 2026-06-02 18:04:34,694 ] 107 dagshub - INFO - Initialized MLflow to track repo "johankar555/network_intrusion_detection_system"
[ 2026-06-02 18:04:34,695 ] 107 dagshub - INFO - Repository johankar555/network_intrusion_detection_system initialized!
[ 2026-06-02 18:05:25,591 ] 42 root - INFO - Start data Ingestion
[ 2026-06-02 18:05:27,297 ] 65 root - INFO - Performed train test split on the dataframe
[ 2026-06-02 18:05:27,297 ] 67 root - INFO - Exited split_data_as_train_test method of Data_Ingestion class
[ 2026-06-02 18:05:27,298 ] 75 root - INFO - Exporting train and test file path.
[ 2026-06-02 18:05:27,369 ] 84 root - INFO - Exported train and test file path.
[ 2026-06-02 18:05:27,369 ] 45 root - INFO - Data Ingestion completed and artifact: DataIngestionArtifact(trained_file_path='Artifacts/06_02_2026_18_04_29/data_ingestion/ingested/train.csv', test_file_path='Artifacts/06_02_2026_18_04_29/data_ingestion/ingested/test.csv')
[ 2026-06-02 18:05:27,373 ] 55 root - INFO - Initiate the data Validation
[ 2026-06-02 18:05:27,393 ] 32 root - INFO - Required number of columns:2
[ 2026-06-02 18:05:27,393 ] 33 root - INFO - Data frame has columns:31
[ 2026-06-02 18:05:27,393 ] 32 root - INFO - Required number of columns:2
[ 2026-06-02 18:05:27,393 ] 33 root - INFO - Data frame has columns:31
[ 2026-06-02 18:05:27,533 ] 63 root - INFO - Entered initiate_data_transformation method of DataTransformation class
[ 2026-06-02 18:05:27,533 ] 65 root - INFO - Starting data transformation
[ 2026-06-02 18:05:27,558 ] 48 root - INFO - Entered get_data_trnasformer_object method of Trnasformation class
[ 2026-06-02 18:05:27,558 ] 53 root - INFO - Initialise KNNImputer with {'missing_values': nan, 'n_neighbors': 3, 'weights': 'uniform'}
[ 2026-06-02 18:05:27,566 ] 46 root - INFO - Entered the save_object method of MainUtils class
[ 2026-06-02 18:05:27,569 ] 50 root - INFO - Exited the save_object method of MainUtils class
[ 2026-06-02 18:05:27,569 ] 46 root - INFO - Entered the save_object method of MainUtils class
[ 2026-06-02 18:05:27,577 ] 50 root - INFO - Exited the save_object method of MainUtils class
